// Jest Snapshot v1, https://goo.gl/fbAQLP

exports[`snapshot 1`] = `
"BEGIN:VCALENDAR
VERSION:2.0
PRODID:-//sebbo.net//ical-generator//EN
BEGIN:VTIMEZONE
TZID:America/New_York
TZURL:http://tzurl.org/zoneinfo-outlook/America/New_York
X-LIC-LOCATION:America/New_York
BEGIN:DAYLIGHT
TZOFFSETFROM:-0500
TZOFFSETTO:-0400
TZNAME:EDT
DTSTART:19700308T020000
RRULE:FREQ=YEARLY;BYMONTH=3;BYDAY=2SU
END:DAYLIGHT
BEGIN:STANDARD
TZOFFSETFROM:-0400
TZOFFSETTO:-0500
TZNAME:EST
DTSTART:19701101T020000
RRULE:FREQ=YEARLY;BYMONTH=11;BYDAY=1SU
END:STANDARD
END:VTIMEZONE
TIMEZONE-ID:America/New_York
X-WR-TIMEZONE:America/New_York
BEGIN:VEVENT
UID:test-section-id
SEQUENCE:0
DTSTART;TZID=America/New_York:20210702T100000
DTEND;TZID=America/New_York:20210702T110000
RRULE:FREQ=WEEKLY;UNTIL=20211230T090000;BYDAY=MO,WE,FR
SUMMARY:CS1000 (Intro to Programming)
DESCRIPTION:
BEGIN:VALARM
ACTION:DISPLAY
TRIGGER:-PT10M
DESCRIPTION:CS1000 (Intro to Programming)
END:VALARM
END:VEVENT
END:VCALENDAR"
`;
